// Jest Snapshot v1, https://goo.gl/fbAQLP

exports[`PrimaryImage should render with the correct items 1`] = `
<PrimaryImage
  handleChangeImage={[MockFunction]}
  image="http://www.politifact.com/subjects/fake-news/"
>
  <div
    className="primary-image-section"
    onMouseLeave={[Function]}
    onMouseOver={[Function]}
  >
    <img
      className="last-image-button"
      id="last-image-button"
      onClick={[Function]}
      src="https://i.imgur.com/Q6KLD3s.png"
      style={
        Object {
          "opacity": 0,
        }
      }
    />
    <div
      className="primary-image-parent"
      id="primary-image-parent"
      onMouseEnter={[Function]}
      onMouseLeave={[Function]}
      onMouseMove={[Function]}
    >
      <img
        className="primary-image"
        id="primary-image"
        style={
          Object {
            "left": "0px",
            "top": "0px",
            "transform": "scale(1)",
          }
        }
      />
    </div>
    <img
      className="next-image-button"
      id="next-image-button"
      onClick={[Function]}
      src="https://i.imgur.com/Q6KLD3s.png"
      style={
        Object {
          "opacity": 0,
        }
      }
    />
  </div>
</PrimaryImage>
`;
